// Jest Snapshot v1, https://goo.gl/fbAQLP

exports[`Landing --- Snapshot +++capturing Snapshot of Landing 1`] = `
<div>
  Hello Landing
</div>
`;
